
Merging program properties

Removed property 0xc0000002 to merge binaries/ascdate.o (0x3) and binaries/start.o (not found)
Removed property 0xc0000002 to merge binaries/ascdate.o (not found) and binaries/bufinit.o (0x3)
Removed property 0xc0000002 to merge binaries/ascdate.o (not found) and binaries/chprio.o (0x3)
Removed property 0xc0000002 to merge binaries/ascdate.o (not found) and binaries/clkhandler.o (0x3)
Removed property 0xc0000002 to merge binaries/ascdate.o (not found) and binaries/clkinit.o (0x3)
Removed property 0xc0000002 to merge binaries/ascdate.o (not found) and binaries/close.o (0x3)
Removed property 0xc0000002 to merge binaries/ascdate.o (not found) and binaries/conf.o (0x3)
Removed property 0xc0000002 to merge binaries/ascdate.o (not found) and binaries/control.o (0x3)
Removed property 0xc0000002 to merge binaries/ascdate.o (not found) and binaries/create.o (0x3)
Removed property 0xc0000002 to merge binaries/ascdate.o (not found) and binaries/early_imr.o (0x3)
Removed property 0xc0000002 to merge binaries/ascdate.o (not found) and binaries/evec.o (0x3)
Removed property 0xc0000002 to merge binaries/ascdate.o (not found) and binaries/exit.o (0x3)
Removed property 0xc0000002 to merge binaries/ascdate.o (not found) and binaries/freebuf.o (0x3)
Removed property 0xc0000002 to merge binaries/ascdate.o (not found) and binaries/freemem.o (0x3)
Removed property 0xc0000002 to merge binaries/ascdate.o (not found) and binaries/getbuf.o (0x3)
Removed property 0xc0000002 to merge binaries/ascdate.o (not found) and binaries/getc.o (0x3)
Removed property 0xc0000002 to merge binaries/ascdate.o (not found) and binaries/getdev.o (0x3)
Removed property 0xc0000002 to merge binaries/ascdate.o (not found) and binaries/getitem.o (0x3)
Removed property 0xc0000002 to merge binaries/ascdate.o (not found) and binaries/getmem.o (0x3)
Removed property 0xc0000002 to merge binaries/ascdate.o (not found) and binaries/getpid.o (0x3)
Removed property 0xc0000002 to merge binaries/ascdate.o (not found) and binaries/getprio.o (0x3)
Removed property 0xc0000002 to merge binaries/ascdate.o (not found) and binaries/getstk.o (0x3)
Removed property 0xc0000002 to merge binaries/ascdate.o (not found) and binaries/getticks.o (0x3)
Removed property 0xc0000002 to merge binaries/ascdate.o (not found) and binaries/gettime.o (0x3)
Removed property 0xc0000002 to merge binaries/ascdate.o (not found) and binaries/getutime.o (0x3)
Removed property 0xc0000002 to merge binaries/ascdate.o (not found) and binaries/init.o (0x3)
Removed property 0xc0000002 to merge binaries/ascdate.o (not found) and binaries/initialize.o (0x3)
Removed property 0xc0000002 to merge binaries/ascdate.o (not found) and binaries/insert.o (0x3)
Removed property 0xc0000002 to merge binaries/ascdate.o (not found) and binaries/insertd.o (0x3)
Removed property 0xc0000002 to merge binaries/ascdate.o (not found) and binaries/ioerr.o (0x3)
Removed property 0xc0000002 to merge binaries/ascdate.o (not found) and binaries/ionull.o (0x3)
Removed property 0xc0000002 to merge binaries/ascdate.o (not found) and binaries/kill.o (0x3)
Removed property 0xc0000002 to merge binaries/ascdate.o (not found) and binaries/kprintf.o (0x3)
Removed property 0xc0000002 to merge binaries/ascdate.o (not found) and binaries/main.o (0x3)
Removed property 0xc0000002 to merge binaries/ascdate.o (not found) and binaries/mark.o (0x3)
Removed property 0xc0000002 to merge binaries/ascdate.o (not found) and binaries/meminit.o (0x3)
Removed property 0xc0000002 to merge binaries/ascdate.o (not found) and binaries/mkbufpool.o (0x3)
Removed property 0xc0000002 to merge binaries/ascdate.o (not found) and binaries/newqueue.o (0x3)
Removed property 0xc0000002 to merge binaries/ascdate.o (not found) and binaries/open.o (0x3)
Removed property 0xc0000002 to merge binaries/ascdate.o (not found) and binaries/panic.o (0x3)
Removed property 0xc0000002 to merge binaries/ascdate.o (not found) and binaries/pci.o (0x3)
Removed property 0xc0000002 to merge binaries/ascdate.o (not found) and binaries/platinit.o (0x3)
Removed property 0xc0000002 to merge binaries/ascdate.o (not found) and binaries/ptclear.o (0x3)
Removed property 0xc0000002 to merge binaries/ascdate.o (not found) and binaries/ptcount.o (0x3)
Removed property 0xc0000002 to merge binaries/ascdate.o (not found) and binaries/ptcreate.o (0x3)
Removed property 0xc0000002 to merge binaries/ascdate.o (not found) and binaries/ptdelete.o (0x3)
Removed property 0xc0000002 to merge binaries/ascdate.o (not found) and binaries/ptinit.o (0x3)
Removed property 0xc0000002 to merge binaries/ascdate.o (not found) and binaries/ptrecv.o (0x3)
Removed property 0xc0000002 to merge binaries/ascdate.o (not found) and binaries/ptreset.o (0x3)
Removed property 0xc0000002 to merge binaries/ascdate.o (not found) and binaries/ptsend.o (0x3)
Removed property 0xc0000002 to merge binaries/ascdate.o (not found) and binaries/putc.o (0x3)
[...]
Memory Configuration

Name             Origin             Length             Attributes
*default*        0x0000000000000000 0xffffffffffffffff

Linker script and memory map

                0x0000000000100000                physbase = 0x100000
                0x0000000000100000                . = physbase
                0x0000000000100000                . = ALIGN (0x1000)

.text           0x0000000000100000    0x1c000
                0x0000000000100000                text = ABSOLUTE (.)
 *(.text .text.*)
 .text          0x0000000000100000      0x1b4 binaries/start.o
                0x0000000000100024                start
                0x00000000001000f6                inb
                0x00000000001000fe                inw
                0x0000000000100107                inl
                0x000000000010010f                outb
                0x0000000000100119                outw
                0x0000000000100124                outl
                0x000000000010012e                _rtcin
                0x0000000000100139                ___udivsi3
                0x0000000000100144                ___divsi3
                0x0000000000100150                sbzero
                0x0000000000100160                insw
                0x0000000000100176                outsw
                0x000000000010018c                bcopy
                0x00000000001001a0                lidt
                0x00000000001001a8                cpuid
 .text          0x00000000001001b4      0x408 binaries/ascdate.o
                0x00000000001001b4                ascdate
 .text.__x86.get_pc_thunk.cx
                0x00000000001005bc        0x4 binaries/ascdate.o
                0x00000000001005bc                __x86.get_pc_thunk.cx
 .text          0x00000000001005c0       0x24 binaries/bufinit.o
                0x00000000001005c0                bufinit
 .text.__x86.get_pc_thunk.ax
                0x00000000001005e4        0x4 binaries/bufinit.o
                0x00000000001005e4                __x86.get_pc_thunk.ax
 .text          0x00000000001005e8       0xa6 binaries/chprio.o
                0x00000000001005e8                chprio
 .text.__x86.get_pc_thunk.bx
                0x000000000010068e        0x4 binaries/chprio.o
                0x000000000010068e                __x86.get_pc_thunk.bx
 .text          0x0000000000100692      0x119 binaries/clkhandler.o
                0x0000000000100692                clkhandler
 .text          0x00000000001007ab      0x113 binaries/clkinit.o
                0x00000000001007ab                clkinit
 .text          0x00000000001008be       0x8a binaries/close.o
                0x00000000001008be                close
 .text          0x0000000000100948        0x0 binaries/conf.o
 .text          0x0000000000100948       0x90 binaries/control.o
                0x0000000000100948                control
 .text          0x00000000001009d8      0x2f5 binaries/create.o
                0x00000000001009d8                create
 .text          0x0000000000100ccd      0x32e binaries/early_imr.o
                0x0000000000100ccd                intel_cln_early_sb_read_reg
                0x0000000000100d62                intel_cln_early_sb_write_reg
                0x0000000000100f59                remove_irm_protections
 .text          0x0000000000100ffb      0x69e binaries/evec.o
                0x0000000000100ffb                initevec
                0x000000000010116b                set_evec
                0x00000000001011e9                set_ivec
                0x000000000010129e                ioapic_irq2vec
                0x00000000001012f2                int_dispatch
                0x000000000010139b                _8259_setirmask
                0x0000000000101410                trap
 .text.__x86.get_pc_thunk.dx
                0x0000000000101699        0x4 binaries/evec.o
                0x0000000000101699                __x86.get_pc_thunk.dx
 .text          0x000000000010169d       0x2d binaries/exit.o
                0x000000000010169d                exit
 .text          0x00000000001016ca       0xa5 binaries/freebuf.o
                0x00000000001016ca                freebuf
 .text          0x000000000010176f      0x199 binaries/freemem.o
                0x000000000010176f                freemem
 .text          0x0000000000101908       0xa3 binaries/getbuf.o
                0x0000000000101908                getbuf
 .text          0x00000000001019ab       0x8a binaries/getc.o
                0x00000000001019ab                getc
 .text          0x0000000000101a35       0x8a binaries/getdev.o
                0x0000000000101a35                getdev
 .text          0x0000000000101abf      0x11d binaries/getitem.o
                0x0000000000101abf                getfirst
                0x0000000000101b19                getlast
                0x0000000000101b75                getitem
 .text          0x0000000000101bdc      0x136 binaries/getmem.o
                0x0000000000101bdc                getmem
 .text          0x0000000000101d12       0x1b binaries/getpid.o
                0x0000000000101d12                getpid
 .text          0x0000000000101d2d       0x90 binaries/getprio.o
                0x0000000000101d2d                getprio
 .text          0x0000000000101dbd      0x11d binaries/getstk.o
                0x0000000000101dbd                getstk
 .text          0x0000000000101eda       0x24 binaries/getticks.o
                0x0000000000101eda                getticks
 .text          0x0000000000101efe       0x4e binaries/gettime.o
                0x0000000000101efe                gettime
 .text          0x0000000000101f4c      0x220 binaries/getutime.o
                0x0000000000101f4c                getutime
 .text          0x000000000010216c       0x8a binaries/init.o
                0x000000000010216c                init
 .text          0x00000000001021f6      0x463 binaries/initialize.o
                0x00000000001021f6                nulluser
                0x00000000001025de                stop
                0x000000000010261d                delay
 .text          0x0000000000102659      0x109 binaries/insert.o
                0x0000000000102659                insert
 .text          0x0000000000102762      0x142 binaries/insertd.o
                0x0000000000102762                insertd
 .text          0x00000000001028a4       0x18 binaries/ioerr.o
                0x00000000001028a4                ioerr
 .text          0x00000000001028bc       0x18 binaries/ionull.o
                0x00000000001028bc                ionull
 .text          0x00000000001028d4      0x1cd binaries/kill.o
                0x00000000001028d4                kill
 .text          0x0000000000102aa1      0x178 binaries/kprintf.o
                0x0000000000102aa1                kputc
                0x0000000000102b41                kgetc
                0x0000000000102bd9                kprintf
 .text          0x0000000000102c19       0xac binaries/main.o
                0x0000000000102c19                main
 .text          0x0000000000102cc5       0xf6 binaries/mark.o
                0x0000000000102cc5                markinit
                0x0000000000102d02                mark
 .text          0x0000000000102dbb      0x329 binaries/meminit.o
                0x0000000000102dbb                meminit
                0x000000000010301d                setsegs
 .text          0x00000000001030e4      0x196 binaries/mkbufpool.o
                0x00000000001030e4                mkbufpool
 .text          0x000000000010327a       0xbf binaries/newqueue.o
                0x000000000010327a                newqueue
 .text          0x0000000000103339       0x90 binaries/open.o
                0x0000000000103339                open
 .text          0x00000000001033c9       0x32 binaries/panic.o
                0x00000000001033c9                panic
 .text          0x00000000001033fb      0x631 binaries/pci.o
                0x00000000001033fb                pci_init
                0x00000000001034c5                find_pci_device
                0x00000000001035ba                pci_read_config_byte
                0x0000000000103626                pci_read_config_word
                0x0000000000103694                pci_read_config_dword
                0x0000000000103700                pci_write_config_byte
                0x0000000000103770                pci_write_config_word
                0x00000000001037e2                pci_write_config_dword
                0x000000000010384c                pci_get_dev_mmio_base_addr
                0x00000000001038c6                pci_set_ivec
 .text          0x0000000000103a2c      0x116 binaries/platinit.o
                0x0000000000103a2c                cpu_is_quark
                0x0000000000103a5e                console_init
                0x0000000000103abf                platinit
 .text          0x0000000000103b42      0x109 binaries/ptclear.o
                0x0000000000103b42                _ptclear
 .text          0x0000000000103c4b       0xb3 binaries/ptcount.o
                0x0000000000103c4b                ptcount
 .text          0x0000000000103cfe      0x138 binaries/ptcreate.o
                0x0000000000103cfe                ptcreate
 .text          0x0000000000103e36       0x98 binaries/ptdelete.o
                0x0000000000103e36                ptdelete
 .text          0x0000000000103ece       0xe9 binaries/ptinit.o
                0x0000000000103ece                ptinit
 .text          0x0000000000103fb7      0x139 binaries/ptrecv.o
                0x0000000000103fb7                ptrecv
 .text          0x00000000001040f0       0x8d binaries/ptreset.o
                0x00000000001040f0                ptreset
 .text          0x000000000010417d      0x15e binaries/ptsend.o
                0x000000000010417d                ptsend
 .text          0x00000000001042db       0x95 binaries/putc.o
                0x00000000001042db                putc
 .text          0x0000000000104370       0xdf binaries/quark_irq.o
                0x0000000000104370                quark_irq_routing
 .text          0x000000000010444f      0x217 binaries/quark_pdat.o
                0x000000000010444f                get_quark_pdat_entry_data_by_id
                0x0000000000104555                get_quark_pdat_entry_data_by_desc
 .text          0x0000000000104666      0x14e binaries/queue.o
                0x0000000000104666                enqueue
                0x000000000010472b                dequeue
 .text          0x00000000001047b4       0x90 binaries/read.o
                0x00000000001047b4                read
 .text          0x0000000000104844       0x90 binaries/ready.o
                0x0000000000104844                ready
 .text          0x00000000001048d4       0x78 binaries/receive.o
                0x00000000001048d4                receive
 .text          0x000000000010494c       0x74 binaries/recvclr.o
                0x000000000010494c                recvclr
 .text          0x00000000001049c0       0xd9 binaries/recvtime.o
                0x00000000001049c0                recvtime
 .text          0x0000000000104a99      0x1d2 binaries/resched.o
                0x0000000000104a99                resched
                0x0000000000104bca                resched_cntl
 .text          0x0000000000104c6b       0xc3 binaries/resume.o
                0x0000000000104c6b                resume
 .text          0x0000000000104d2e       0x8e binaries/seek.o
                0x0000000000104d2e                seek
 .text          0x0000000000104dbc       0x8b binaries/semcount.o
                0x0000000000104dbc                semcount
 .text          0x0000000000104e47      0x108 binaries/semcreate.o
                0x0000000000104e47                semcreate
 .text          0x0000000000104f4f       0xe3 binaries/semdelete.o
                0x0000000000104f4f                semdelete
 .text          0x0000000000105032       0xe7 binaries/semreset.o
                0x0000000000105032                semreset
 .text          0x0000000000105119       0xff binaries/send.o
                0x0000000000105119                send
 .text          0x0000000000105218       0xbe binaries/signal.o
                0x0000000000105218                signal
 .text          0x00000000001052d6       0xec binaries/signaln.o
                0x00000000001052d6                signaln
 .text          0x00000000001053c2      0x116 binaries/sleep.o
                0x00000000001053c2                sleep
                0x000000000010541e                sleepms
 .text          0x00000000001054d8      0x1b8 binaries/stacktrace.o
                0x00000000001054d8                stacktrace
 .text          0x0000000000105690       0xf9 binaries/suspend.o
                0x0000000000105690                suspend
 .text          0x0000000000105789      0x104 binaries/unsleep.o
                0x0000000000105789                unsleep
 .text          0x000000000010588d       0x2d binaries/userret.o
                0x000000000010588d                userret
 .text          0x00000000001058ba       0xf9 binaries/wait.o
                0x00000000001058ba                wait
 .text          0x00000000001059b3       0x9c binaries/wakeup.o
                0x00000000001059b3                wakeup
 .text          0x0000000000105a4f       0x90 binaries/write.o
                0x0000000000105a4f                write
 .text          0x0000000000105adf       0x33 binaries/xdone.o
                0x0000000000105adf                xdone
 .text          0x0000000000105b12       0x3b binaries/yield.o
                0x0000000000105b12                yield
 .text          0x0000000000105b4d       0x1f binaries/abs.o
                0x0000000000105b4d                abs
 .text          0x0000000000105b6c       0x9e binaries/atoi.o
                0x0000000000105b6c                atoi
 .text          0x0000000000105c0a       0x9e binaries/atol.o
                0x0000000000105c0a                atol
 .text          0x0000000000105ca8       0x40 binaries/bzero.o
                0x0000000000105ca8                bzero
 .text          0x0000000000105ce8        0x0 binaries/ctype_.o
 .text          0x0000000000105ce8      0x96b binaries/doprnt.o
                0x0000000000105ce8                _doprnt
 .text          0x0000000000106653      0x709 binaries/doscan.o
                0x0000000000106653                _doscan
 .text.__x86.get_pc_thunk.di
                0x0000000000106d5c        0x4 binaries/doscan.o
                0x0000000000106d5c                __x86.get_pc_thunk.di
 .text          0x0000000000106d60      0x788 binaries/fdoprnt.o
                0x0000000000106d60                _fdoprnt
 .text          0x00000000001074e8       0x3d binaries/fgetc.o
                0x00000000001074e8                fgetc
 .text          0x0000000000107525       0x88 binaries/fgets.o
                0x0000000000107525                fgets
 .text          0x00000000001075ad       0x40 binaries/fprintf.o
                0x00000000001075ad                fprintf
 .text          0x00000000001075ed       0x40 binaries/fputc.o
                0x00000000001075ed                fputc
 .text          0x000000000010762d       0x56 binaries/fputs.o
                0x000000000010762d                fputs
 .text          0x0000000000107683       0xc2 binaries/fscanf.o
                0x0000000000107683                fscanf
 .text          0x0000000000107745       0x4a binaries/getchar.o
                0x0000000000107745                getchar
 .text          0x000000000010778f       0x1f binaries/labs.o
                0x000000000010778f                labs
 .text          0x00000000001077ae       0x5f binaries/memcmp.o
                0x00000000001077ae                memcmp
 .text          0x000000000010780d       0x34 binaries/memcpy.o
                0x000000000010780d                memcpy
 .text          0x0000000000107841       0x3e binaries/memset.o
                0x0000000000107841                memset
 .text          0x000000000010787f       0x61 binaries/printf.o
                0x000000000010787f                printf
 .text          0x00000000001078e0       0x4d binaries/putchar.o
                0x00000000001078e0                putchar
 .text          0x000000000010792d      0x2bf binaries/qsort.o
                0x000000000010792d                qsort
 .text          0x0000000000107bec       0x8d binaries/rand.o
                0x0000000000107bec                rand
                0x0000000000107c14                rand_r
                0x0000000000107c5c                srand
 .text          0x0000000000107c79       0x8a binaries/sprintf.o
                0x0000000000107c79                sprintf
 .text          0x0000000000107d03       0xa4 binaries/sscanf.o
                0x0000000000107d03                sscanf
 .text          0x0000000000107da7       0x4a binaries/strchr.o
                0x0000000000107da7                strchr
 .text          0x0000000000107df1       0x53 binaries/strcmp.o
                0x0000000000107df1                strcmp
 .text          0x0000000000107e44       0x35 binaries/strcpy.o
                0x0000000000107e44                strcpy
 .text          0x0000000000107e79       0x34 binaries/strlen.o
                0x0000000000107e79                strlen
 .text          0x0000000000107ead       0x64 binaries/strncat.o
                0x0000000000107ead                strncat
 .text          0x0000000000107f11       0x6c binaries/strncmp.o
                0x0000000000107f11                strncmp
 .text          0x0000000000107f7d       0x5d binaries/strncpy.o
                0x0000000000107f7d                strncpy
 .text          0x0000000000107fda       0x3c binaries/strnlen.o
                0x0000000000107fda                strnlen
 .text          0x0000000000108016       0x53 binaries/strrchr.o
                0x0000000000108016                strrchr
 .text          0x0000000000108069       0x7c binaries/strstr.o
                0x0000000000108069                strstr
 .text          0x00000000001080e5      0x100 binaries/ttycontrol.o
                0x00000000001080e5                ttycontrol
 .text          0x00000000001081e5       0xaf binaries/ttygetc.o
                0x00000000001081e5                ttygetc
 .text          0x0000000000108294      0x731 binaries/ttyhandle_in.o
                0x0000000000108294                ttyhandle_in
 .text          0x00000000001089c5      0x19a binaries/ttyhandle_out.o
                0x00000000001089c5                ttyhandle_out
 .text          0x0000000000108b5f       0xd1 binaries/ttyhandler.o
                0x0000000000108b5f                ttyhandler
 .text          0x0000000000108c30      0x21f binaries/ttyinit.o
                0x0000000000108c30                ttyinit
 .text          0x0000000000108e4f       0x1e binaries/ttykickout.o
                0x0000000000108e4f                ttykickout
 .text          0x0000000000108e6d       0xcd binaries/ttyputc.o
                0x0000000000108e6d                ttyputc
 .text          0x0000000000108f3a      0x12f binaries/ttyread.o
                0x0000000000108f3a                ttyread
 .text          0x0000000000109069       0x60 binaries/ttywrite.o
                0x0000000000109069                ttywrite
 .text          0x00000000001090c9      0x17c binaries/mount.o
                0x00000000001090c9                mount
                0x0000000000109201                namlen
 .text          0x0000000000109245      0x224 binaries/naminit.o
                0x0000000000109245                naminit
 .text          0x0000000000109469      0x24f binaries/nammap.o
                0x0000000000109469                nammap
                0x000000000010950a                namrepl
                0x000000000010965a                namcpy
 .text          0x00000000001096b8       0x61 binaries/namopen.o
                0x00000000001096b8                namopen
 .text          0x0000000000109719       0xb4 binaries/ethcontrol.o
                0x0000000000109719                ethcontrol
 .text          0x00000000001097cd      0x1d4 binaries/ethhandler.o
                0x00000000001097cd                ethhandler
 .text          0x00000000001099a1      0x79f binaries/ethinit.o
                0x00000000001099a1                eth_phy_read
                0x0000000000109a19                eth_phy_write
                0x0000000000109a9c                eth_phy_reset
                0x0000000000109bf4                ethinit
 .text.__x86.get_pc_thunk.si
                0x000000000010a140        0x4 binaries/ethinit.o
                0x000000000010a140                __x86.get_pc_thunk.si
 .text          0x000000000010a144      0x1a4 binaries/ethmcast.o
                0x000000000010a144                ethmcast_add
                0x000000000010a1d5                ethmcast_remove
 .text          0x000000000010a2e8      0x226 binaries/ethread.o
                0x000000000010a2e8                ethread
 .text          0x000000000010a50e      0x10e binaries/ethwrite.o
                0x000000000010a50e                ethwrite
 .text          0x000000000010a61c       0xb3 binaries/rdsbufalloc.o
                0x000000000010a61c                rdsbufalloc
 .text          0x000000000010a6cf       0xd3 binaries/rdsclose.o
                0x000000000010a6cf                rdsclose
 .text          0x000000000010a7a2      0x308 binaries/rdscomm.o
                0x000000000010a7a2                rdscomm
 .text          0x000000000010aaaa      0x243 binaries/rdscontrol.o
                0x000000000010aaaa                rdscontrol
 .text          0x000000000010aced      0x202 binaries/rdsinit.o
                0x000000000010aced                rdsinit
 .text          0x000000000010aeef      0x1a8 binaries/rdsopen.o
                0x000000000010aeef                rdsopen
 .text          0x000000000010b097      0x47b binaries/rdsprocess.o
                0x000000000010b097                rdsprocess
 .text          0x000000000010b512      0x264 binaries/rdsread.o
                0x000000000010b512                rdsread
 .text          0x000000000010b776      0x204 binaries/rdswrite.o
                0x000000000010b776                rdswrite
 .text          0x000000000010b97a       0x18 binaries/ramclose.o
                0x000000000010b97a                ramclose
 .text          0x000000000010b992       0x5c binaries/raminit.o
                0x000000000010b992                raminit
 .text          0x000000000010b9ee       0x18 binaries/ramopen.o
                0x000000000010b9ee                ramopen
 .text          0x000000000010ba06       0x4b binaries/ramread.o
                0x000000000010ba06                ramread
 .text          0x000000000010ba51       0x4b binaries/ramwrite.o
                0x000000000010ba51                ramwrite
 .text          0x000000000010ba9c       0xc8 binaries/lfdballoc.o
                0x000000000010ba9c                lfdballoc
 .text          0x000000000010bb64       0x70 binaries/lfdbfree.o
                0x000000000010bb64                lfdbfree
 .text          0x000000000010bbd4       0xe4 binaries/lfflush.o
                0x000000000010bbd4                lfflush
 .text          0x000000000010bcb8       0xed binaries/lfgetmode.o
                0x000000000010bcb8                lfgetmode
 .text          0x000000000010bda5       0x96 binaries/lfiballoc.o
                0x000000000010bda5                lfiballoc
 .text          0x000000000010be3b       0x49 binaries/lfibclear.o
                0x000000000010be3b                lfibclear
 .text          0x000000000010be84       0xc0 binaries/lfibget.o
                0x000000000010be84                lfibget
 .text          0x000000000010bf44       0xef binaries/lfibput.o
                0x000000000010bf44                lfibput
 .text          0x000000000010c033       0xbf binaries/lflclose.o
                0x000000000010c033                lflclose
 .text          0x000000000010c0f2       0xf1 binaries/lflcontrol.o
                0x000000000010c0f2                lflcontrol
 .text          0x000000000010c1e3      0x108 binaries/lflgetc.o
                0x000000000010c1e3                lflgetc
 .text          0x000000000010c2eb      0x104 binaries/lflinit.o
                0x000000000010c2eb                lflinit
 .text          0x000000000010c3ef      0x13e binaries/lflputc.o
                0x000000000010c3ef                lflputc
 .text          0x000000000010c52d       0x83 binaries/lflread.o
                0x000000000010c52d                lflread
 .text          0x000000000010c5b0       0xc2 binaries/lflseek.o
                0x000000000010c5b0                lflseek
 .text          0x000000000010c672       0x68 binaries/lflwrite.o
                0x000000000010c672                lflwrite
 .text          0x000000000010c6da       0x70 binaries/lfscheck.o
                0x000000000010c6da                lfscheck
 .text          0x000000000010c74a      0x198 binaries/lfsckfmt.o
                0x000000000010c74a                lfsckfmt
 .text          0x000000000010c8e2      0x1e7 binaries/lfscreate.o
                0x000000000010c8e2                lfscreate
 .text          0x000000000010cac9      0x2a7 binaries/lfsetup.o
                0x000000000010cac9                lfsetup
 .text          0x000000000010cd70       0x83 binaries/lfsinit.o
                0x000000000010cd70                lfsinit
 .text          0x000000000010cdf3      0x415 binaries/lfsopen.o
                0x000000000010cdf3                lfsopen
 .text          0x000000000010d208      0x18e binaries/lftruncate.o
                0x000000000010d208                lftruncate
 .text          0x000000000010d396       0x93 binaries/rflclose.o
                0x000000000010d396                rflclose
 .text          0x000000000010d429       0x46 binaries/rflgetc.o
                0x000000000010d429                rflgetc
 .text          0x000000000010d46f       0x8a binaries/rflinit.o
                0x000000000010d46f                rflinit
 .text          0x000000000010d4f9       0x47 binaries/rflputc.o
                0x000000000010d4f9                rflputc
 .text          0x000000000010d540      0x39a binaries/rflread.o
                0x000000000010d540                rflread
 .text          0x000000000010d8da       0x96 binaries/rflseek.o
                0x000000000010d8da                rflseek
 .text          0x000000000010d970      0x385 binaries/rflwrite.o
                0x000000000010d970                rflwrite
 .text          0x000000000010dcf5      0x221 binaries/rfscomm.o
                0x000000000010dcf5                rfscomm
 .text          0x000000000010df16      0x2b3 binaries/rfscontrol.o
                0x000000000010df16                rfscontrol
 .text          0x000000000010e1c9       0xed binaries/rfsgetmode.o
                0x000000000010e1c9                rfsgetmode
 .text          0x000000000010e2b6       0xb7 binaries/rfsinit.o
                0x000000000010e2b6                rfsinit
 .text          0x000000000010e36d      0x126 binaries/rfsndmsg.o
                0x000000000010e36d                rfsndmsg
 .text          0x000000000010e493      0x2e7 binaries/rfsopen.o
                0x000000000010e493                rfsopen
 .text          0x000000000010e77a      0x8ff binaries/arp.o
                0x000000000010e77a                arp_init
                0x000000000010e7c5                arp_resolve
                0x000000000010eab7                arp_in
                0x000000000010ed9d                arp_alloc
                0x000000000010ee83                arp_ntoh
                0x000000000010ef7e                arp_hton
 .text          0x000000000010f079      0x991 binaries/dhcp.o
                0x000000000010f079                dhcp_get_opt_val
                0x000000000010f0e0                dhcp_bld_bootp_msg
                0x000000000010f20b                dhcp_bld_disc
                0x000000000010f2fc                dhcp_bld_req
                0x000000000010f47d                getlocalip
 .text          0x000000000010fa0a      0x5fc binaries/dns.o
                0x000000000010fa0a                dnslookup
 .text          0x0000000000110006       0xf2 binaries/dot2ip.o
                0x0000000000110006                dot2ip
 .text          0x00000000001100f8      0x530 binaries/hexdump.o
                0x00000000001100f8                hexdump
                0x00000000001102ca                hexadump
 .text          0x0000000000110628      0x968 binaries/icmp.o
                0x0000000000110628                icmp_init
                0x0000000000110672                icmp_in
                0x0000000000110857                icmp_register
                0x0000000000110965                icmp_recv
                0x0000000000110b07                icmp_send
                0x0000000000110ba0                icmp_mkpkt
                0x0000000000110cd8                icmp_release
                0x0000000000110de9                icmp_cksum
                0x0000000000110e8a                icmp_hton
                0x0000000000110f0d                icmp_ntoh
 .text          0x0000000000110f90      0x990 binaries/ip.o
                0x0000000000110f90                ip_in
                0x0000000000111139                ip_send
                0x00000000001112bf                ip_local
                0x0000000000111324                ip_out
                0x0000000000111470                ipcksum
                0x0000000000111504                ip_ntoh
                0x00000000001115ff                ip_hton
                0x00000000001116fa                ipout
                0x0000000000111855                ip_enqueue
 .text          0x0000000000111920      0x348 binaries/net.o
                0x0000000000111920                net_init
                0x0000000000111a80                netin
                0x0000000000111b57                eth_hton
                0x0000000000111b90                eth_ntoh
                0x0000000000111bc9                getport
 .text          0x0000000000111c68     0x15c4 binaries/pdump.o
                0x0000000000111c68                pdump
                0x0000000000112ac4                pdumph
 .text          0x000000000011322c      0x4f4 binaries/tftp.o
                0x000000000011322c                tftp_send1
                0x00000000001133c3                tftpget
 .text          0x0000000000113720      0xc44 binaries/udp.o
                0x0000000000113720                udp_init
                0x000000000011376a                udp_in
                0x00000000001138c1                udp_register
                0x0000000000113a14                udp_recv
                0x0000000000113bc7                udp_recvaddr
                0x0000000000113d92                udp_send
                0x0000000000113f8c                udp_sendto
                0x000000000011414e                udp_release
                0x000000000011425e                udp_ntoh
                0x00000000001142e1                udp_hton
 .text          0x0000000000114364      0x151 binaries/addargs.o
                0x0000000000114364                addargs
 .text          0x00000000001144b5      0x2df binaries/lexan.o
                0x00000000001144b5                lexan
 .text          0x0000000000114794      0x6e1 binaries/shell.o
                0x0000000000114794                shell
 .text          0x0000000000114e75       0x82 binaries/xsh_argecho.o
                0x0000000000114e75                xsh_argecho
 .text          0x0000000000114ef7      0x2d4 binaries/xsh_arp.o
                0x0000000000114ef7                xsh_arp
 .text          0x00000000001151cb      0x2b2 binaries/xsh_cat.o
                0x00000000001151cb                xsh_cat
 .text          0x000000000011547d       0x7e binaries/xsh_clear.o
                0x000000000011547d                xsh_clear
 .text          0x00000000001154fb      0x358 binaries/xsh_date.o
                0x00000000001154fb                xsh_date
 .text          0x0000000000115853       0xcf binaries/xsh_devdump.o
                0x0000000000115853                xsh_devdump
 .text          0x0000000000115922       0x8b binaries/xsh_echo.o
                0x0000000000115922                xsh_echo
 .text          0x00000000001159ad       0x18 binaries/xsh_exit.o
                0x00000000001159ad                xsh_exit
 .text          0x00000000001159c5      0x3ed binaries/xsh_help.o
                0x00000000001159c5                xsh_help
 .text          0x0000000000115db2      0x28b binaries/xsh_kill.o
                0x0000000000115db2                xsh_kill
 .text          0x000000000011603d      0x242 binaries/xsh_ls.o
                0x000000000011603d                xsh_ls
 .text          0x000000000011627f      0x5b5 binaries/xsh_memdump.o
                0x000000000011627f                xsh_memdump
 .text          0x0000000000116834      0x322 binaries/xsh_memstat.o
                0x0000000000116834                xsh_memstat
 .text          0x0000000000116b56      0x5d9 binaries/xsh_netinfo.o
                0x0000000000116b56                xsh_netinfo
 .text          0x000000000011712f      0x4eb binaries/xsh_ping.o
                0x000000000011712f                xsh_ping
 .text          0x000000000011761a      0x280 binaries/xsh_ps.o
                0x000000000011761a                xsh_ps
 .text          0x000000000011789a      0x269 binaries/xsh_sleep.o
                0x000000000011789a                xsh_sleep
 .text          0x0000000000117b03      0x2dc binaries/xsh_udpdump.o
                0x0000000000117b03                xsh_udpdump
 .text          0x0000000000117ddf      0x5ee binaries/xsh_udpecho.o
                0x0000000000117ddf                xsh_udpecho
 .text          0x00000000001183cd      0x2ff binaries/xsh_udpserver.o
                0x00000000001183cd                xsh_udpeserver
 .text          0x00000000001186cc      0x234 binaries/xsh_uptime.o
                0x00000000001186cc                xsh_uptime
 .text          0x0000000000118900        0xe binaries/clkdisp.o
                0x0000000000118900                clkdisp
 .text          0x000000000011890e       0x19 binaries/ctxsw.o
                0x000000000011890e                ctxsw
 .text          0x0000000000118927      0x30a binaries/intr.o
                0x0000000000118927                disable
                0x0000000000118930                restore
                0x000000000011893e                enable
                0x0000000000118940                pause
                0x0000000000118947                halt
                0x000000000011894a                spurious_irq7
                0x000000000011894f                spurious_irq15
                0x000000000011895e                _Xint0
                0x0000000000118966                _Xint1
                0x000000000011896e                _Xint2
                0x0000000000118976                _Xint3
                0x000000000011897e                _Xint4
                0x0000000000118986                _Xint5
                0x0000000000118991                _Xint6
                0x0000000000118999                _Xint7
                0x00000000001189a1                _Xint8
                0x00000000001189a9                _Xint9
                0x00000000001189b1                _Xint10
                0x00000000001189b9                _Xint11
                0x00000000001189c1                _Xint12
                0x00000000001189c9                _Xint13
                0x00000000001189d1                _Xint14
                0x00000000001189dc                _Xint15
                0x00000000001189e7                _Xint16
                0x00000000001189f2                _Xint17
                0x00000000001189fd                _Xint18
                0x0000000000118a08                _Xint19
                0x0000000000118a13                _Xint20
                0x0000000000118a1e                _Xint21
                0x0000000000118a29                _Xint22
                0x0000000000118a34                _Xint23
                0x0000000000118a3f                _Xint24
                0x0000000000118a4a                _Xint25
                0x0000000000118a55                _Xint26
                0x0000000000118a60                _Xint27
                0x0000000000118a6b                _Xint28
                0x0000000000118a76                _Xint29
                0x0000000000118a81                _Xint30
                0x0000000000118a8c                _Xint31
                0x0000000000118a97                _extint
                0x0000000000118aab                _Xint32
                0x0000000000118ab7                _Xint33
                0x0000000000118ac3                _Xint34
                0x0000000000118acf                _Xint35
                0x0000000000118adb                _Xint36
                0x0000000000118ae7                _Xint37
                0x0000000000118af3                _Xint38
                0x0000000000118aff                _Xint39
                0x0000000000118b0b                _Xint40
                0x0000000000118b17                _Xint41
                0x0000000000118b26                _Xint42
                0x0000000000118b35                _Xint43
                0x0000000000118b44                _Xint44
                0x0000000000118b53                _Xint45
                0x0000000000118b62                _Xint46
                0x0000000000118b71                defevec
 .text          0x0000000000118c31        0xf binaries/ttydispatch.o
                0x0000000000118c31                ttydispatch
 .text          0x0000000000118c40       0x13 binaries/ethdispatch.o
                0x0000000000118c40                ethdispatch
 *(.rodata .rodata.*)
 *fill*         0x0000000000118c53        0x1 
 .rodata        0x0000000000118c54       0x8e binaries/ascdate.o
 .rodata        0x0000000000118ce2       0xae binaries/conf.o
 .rodata        0x0000000000118d90       0x83 binaries/early_imr.o
 *fill*         0x0000000000118e13        0x1 
 .rodata        0x0000000000118e14      0x231 binaries/evec.o
 *fill*         0x0000000000119045        0x3 
 .rodata        0x0000000000119048       0x61 binaries/getutime.o
 *fill*         0x00000000001190a9        0x3 
 .rodata        0x00000000001190ac      0x186 binaries/initialize.o
 *fill*         0x0000000000119232        0x2 
 .rodata        0x0000000000119234       0x20 binaries/kill.o
 .rodata        0x0000000000119254       0x2a binaries/main.o
 *fill*         0x000000000011927e        0x2 
 .rodata        0x0000000000119280       0x3e binaries/meminit.o
 .rodata        0x00000000001192be        0xf binaries/panic.o
 *fill*         0x00000000001192cd        0x3 
 .rodata        0x00000000001192d0       0x20 binaries/pci.o
 .rodata        0x00000000001192f0       0x1d binaries/ptinit.o
 *fill*         0x000000000011930d        0x3 
 .rodata        0x0000000000119310       0x25 binaries/ptsend.o
 .rodata        0x0000000000119335       0x22 binaries/quark_pdat.o
 *fill*         0x0000000000119357        0x1 
 .rodata        0x0000000000119358       0xb7 binaries/stacktrace.o
 *fill*         0x000000000011940f        0x1 
 .rodata        0x0000000000119410       0x27 binaries/xdone.o
 *fill*         0x0000000000119437        0x9 
 .rodata        0x0000000000119440       0x81 binaries/ctype_.o
                0x0000000000119440                _ctype_
 *fill*         0x00000000001194c1        0x3 
 .rodata        0x00000000001194c4       0xee binaries/doprnt.o
 *fill*         0x00000000001195b2        0x2 
 .rodata        0x00000000001195b4       0xae binaries/fdoprnt.o
 *fill*         0x0000000000119662        0x2 
 .rodata        0x0000000000119664       0x20 binaries/ttycontrol.o
 .rodata        0x0000000000119684       0x34 binaries/ttyhandler.o
 .rodata        0x00000000001196b8       0x80 binaries/naminit.o
 .rodata        0x0000000000119738       0x46 binaries/ethinit.o
 *fill*         0x000000000011977e        0x2 
 .rodata        0x0000000000119780       0x2c binaries/rdsbufalloc.o
 .rodata        0x00000000001197ac       0x76 binaries/rdscomm.o
 *fill*         0x0000000000119822        0x2 
 .rodata        0x0000000000119824       0x48 binaries/rdscontrol.o
 .rodata        0x000000000011986c       0x96 binaries/rdsinit.o
 *fill*         0x0000000000119902        0x2 
 .rodata        0x0000000000119904       0x22 binaries/rdsopen.o
 *fill*         0x0000000000119926        0x2 
 .rodata        0x0000000000119928       0x4d binaries/rdsprocess.o
 .rodata        0x0000000000119975        0x9 binaries/raminit.o
 *fill*         0x000000000011997e        0x2 
 .rodata        0x0000000000119980       0x37 binaries/lfdballoc.o
 .rodata        0x00000000001199b7       0x14 binaries/lfiballoc.o
 *fill*         0x00000000001199cb        0x1 
 .rodata        0x00000000001199cc       0x23 binaries/lflcontrol.o
 *fill*         0x00000000001199ef        0x1 
 .rodata        0x00000000001199f0      0x11b binaries/lfsckfmt.o
 *fill*         0x0000000000119b0b        0x1 
 .rodata        0x0000000000119b0c       0x2a binaries/lfsopen.o
 *fill*         0x0000000000119b36        0x2 
 .rodata        0x0000000000119b38       0x21 binaries/rflread.o
 *fill*         0x0000000000119b59        0x3 
 .rodata        0x0000000000119b5c       0x21 binaries/rflwrite.o
 *fill*         0x0000000000119b7d        0x3 
 .rodata        0x0000000000119b80       0x75 binaries/rfscomm.o
 *fill*         0x0000000000119bf5        0x3 
 .rodata        0x0000000000119bf8       0x3c binaries/rfscontrol.o
 .rodata        0x0000000000119c34       0x63 binaries/rfsinit.o
 *fill*         0x0000000000119c97        0x1 
 .rodata        0x0000000000119c98       0x2a binaries/rfsndmsg.o
 *fill*         0x0000000000119cc2        0x2 
 .rodata        0x0000000000119cc4       0x22 binaries/rfsopen.o
 *fill*         0x0000000000119ce6        0x2 
 .rodata        0x0000000000119ce8       0x3a binaries/arp.o
 *fill*         0x0000000000119d22        0x2 
 .rodata        0x0000000000119d24       0xcf binaries/dhcp.o
 .rodata        0x0000000000119df3       0x1a binaries/dns.o
 *fill*         0x0000000000119e0d        0x3 
 .rodata        0x0000000000119e10       0xc9 binaries/hexdump.o
 *fill*         0x0000000000119ed9        0x3 
 .rodata        0x0000000000119edc       0x29 binaries/icmp.o
 *fill*         0x0000000000119f05        0x3 
 .rodata        0x0000000000119f08       0x6e binaries/ip.o
 *fill*         0x0000000000119f76        0x2 
 .rodata        0x0000000000119f78       0x4f binaries/net.o
 *fill*         0x0000000000119fc7        0x1 
 .rodata        0x0000000000119fc8      0x26f binaries/pdump.o
 *fill*         0x000000000011a237        0x1 
 .rodata        0x000000000011a238      0x10c binaries/tftp.o
 .rodata        0x000000000011a344      0x2c1 binaries/shell.o
 .rodata        0x000000000011a605       0x28 binaries/xsh_argecho.o
 *fill*         0x000000000011a62d        0x3 
 .rodata        0x000000000011a630      0x123 binaries/xsh_arp.o
 *fill*         0x000000000011a753        0x1 
 .rodata        0x000000000011a754       0xc9 binaries/xsh_cat.o
 .rodata        0x000000000011a81d       0x19 binaries/xsh_clear.o
 *fill*         0x000000000011a836        0x2 
 .rodata        0x000000000011a838      0x1c3 binaries/xsh_date.o
 .rodata        0x000000000011a9fb       0x5d binaries/xsh_devdump.o
 .rodata        0x000000000011aa58        0x9 binaries/xsh_echo.o
 *fill*         0x000000000011aa61        0x3 
 .rodata        0x000000000011aa64      0x169 binaries/xsh_help.o
 *fill*         0x000000000011abcd        0x3 
 .rodata        0x000000000011abd0      0x12e binaries/xsh_kill.o
 *fill*         0x000000000011acfe        0x2 
 .rodata        0x000000000011ad00       0xea binaries/xsh_ls.o
 *fill*         0x000000000011adea        0x2 
 .rodata        0x000000000011adec      0x266 binaries/xsh_memdump.o
 *fill*         0x000000000011b052        0x2 
 .rodata        0x000000000011b054      0x225 binaries/xsh_memstat.o
 *fill*         0x000000000011b279        0x3 
 .rodata        0x000000000011b27c      0x1b0 binaries/xsh_netinfo.o
 .rodata        0x000000000011b42c      0x1a1 binaries/xsh_ping.o
 *fill*         0x000000000011b5cd        0x3 
 .rodata        0x000000000011b5d0      0x1a8 binaries/xsh_ps.o
 .rodata        0x000000000011b778       0xeb binaries/xsh_sleep.o
 *fill*         0x000000000011b863        0x1 
 .rodata        0x000000000011b864      0x1b8 binaries/xsh_udpdump.o
 .rodata        0x000000000011ba1c      0x251 binaries/xsh_udpecho.o
 *fill*         0x000000000011bc6d        0x3 
 .rodata        0x000000000011bc70      0x12b binaries/xsh_udpserver.o
 *fill*         0x000000000011bd9b        0x1 
 .rodata        0x000000000011bd9c      0x105 binaries/xsh_uptime.o
                0x000000000011bea1                etext = ABSOLUTE (.)
                0x000000000011c000                . = ALIGN (0x1000)
 *fill*         0x000000000011bea1      0x15f 

.eh_frame       0x000000000011c000     0x30c4
 .eh_frame      0x000000000011c000       0x50 binaries/ascdate.o
 .eh_frame      0x000000000011c050       0x34 binaries/bufinit.o
                                         0x4c (size before relaxing)
 .eh_frame      0x000000000011c084       0x38 binaries/chprio.o
                                         0x50 (size before relaxing)
 .eh_frame      0x000000000011c0bc       0x28 binaries/clkhandler.o
                                         0x54 (size before relaxing)
 .eh_frame      0x000000000011c0e4       0x24 binaries/clkinit.o
                                         0x50 (size before relaxing)
 .eh_frame      0x000000000011c108       0x24 binaries/close.o
                                         0x50 (size before relaxing)
 .eh_frame      0x000000000011c12c       0x24 binaries/control.o
                                         0x50 (size before relaxing)
 .eh_frame      0x000000000011c150       0x48 binaries/create.o
                                         0x88 (size before relaxing)
 .eh_frame      0x000000000011c198      0x114 binaries/early_imr.o
                                        0x154 (size before relaxing)
 .eh_frame      0x000000000011c2ac      0x104 binaries/evec.o
                                        0x144 (size before relaxing)
 .eh_frame      0x000000000011c3b0       0x24 binaries/exit.o
                                         0x50 (size before relaxing)
 .eh_frame      0x000000000011c3d4       0x24 binaries/freebuf.o
                                         0x50 (size before relaxing)
 .eh_frame      0x000000000011c3f8       0x24 binaries/freemem.o
                                         0x50 (size before relaxing)
 .eh_frame      0x000000000011c41c       0x24 binaries/getbuf.o
                                         0x50 (size before relaxing)
 .eh_frame      0x000000000011c440       0x24 binaries/getc.o
                                         0x50 (size before relaxing)
 .eh_frame      0x000000000011c464       0x24 binaries/getdev.o
                                         0x50 (size before relaxing)
 .eh_frame      0x000000000011c488       0x64 binaries/getitem.o
                                         0xa4 (size before relaxing)
 .eh_frame      0x000000000011c4ec       0x24 binaries/getmem.o
                                         0x50 (size before relaxing)
 .eh_frame      0x000000000011c510       0x20 binaries/getpid.o
                                         0x4c (size before relaxing)
 .eh_frame      0x000000000011c530       0x24 binaries/getprio.o
                                         0x50 (size before relaxing)
 .eh_frame      0x000000000011c554       0x24 binaries/getstk.o
                                         0x50 (size before relaxing)
 .eh_frame      0x000000000011c578       0x20 binaries/getticks.o
                                         0x4c (size before relaxing)
 .eh_frame      0x000000000011c598       0x24 binaries/gettime.o
                                         0x50 (size before relaxing)
 .eh_frame      0x000000000011c5bc       0x24 binaries/getutime.o
                                         0x50 (size before relaxing)
 .eh_frame      0x000000000011c5e0       0x24 binaries/init.o
                                         0x50 (size before relaxing)
 .eh_frame      0x000000000011c604       0xa8 binaries/initialize.o
                                         0xe8 (size before relaxing)
 .eh_frame      0x000000000011c6ac       0x24 binaries/insert.o
                                         0x50 (size before relaxing)
 .eh_frame      0x000000000011c6d0       0x28 binaries/insertd.o
                                         0x54 (size before relaxing)
 .eh_frame      0x000000000011c6f8       0x20 binaries/ioerr.o
                                         0x4c (size before relaxing)
 .eh_frame      0x000000000011c718       0x20 binaries/ionull.o
                                         0x4c (size before relaxing)
 .eh_frame      0x000000000011c738       0x2c binaries/kill.o
                                         0x58 (size before relaxing)
 .eh_frame      0x000000000011c764       0x6c binaries/kprintf.o
                                         0xac (size before relaxing)
 .eh_frame      0x000000000011c7d0       0x28 binaries/main.o
                                         0x54 (size before relaxing)
 .eh_frame      0x000000000011c7f8       0x48 binaries/mark.o
                                         0x74 (size before relaxing)
 .eh_frame      0x000000000011c840       0x54 binaries/meminit.o
                                         0x94 (size before relaxing)
 .eh_frame      0x000000000011c894       0x24 binaries/mkbufpool.o
                                         0x50 (size before relaxing)
 .eh_frame      0x000000000011c8b8       0x24 binaries/newqueue.o
                                         0x50 (size before relaxing)
 .eh_frame      0x000000000011c8dc       0x24 binaries/open.o
                                         0x50 (size before relaxing)
 .eh_frame      0x000000000011c900       0x1c binaries/panic.o
                                         0x48 (size before relaxing)
 .eh_frame      0x000000000011c91c      0x1e4 binaries/pci.o
                                        0x224 (size before relaxing)
 .eh_frame      0x000000000011cb00       0x6c binaries/platinit.o
                                         0xac (size before relaxing)
 .eh_frame      0x000000000011cb6c       0x24 binaries/ptclear.o
                                         0x50 (size before relaxing)
 .eh_frame      0x000000000011cb90       0x24 binaries/ptcount.o
                                         0x50 (size before relaxing)
 .eh_frame      0x000000000011cbb4       0x24 binaries/ptcreate.o
                                         0x50 (size before relaxing)
 .eh_frame      0x000000000011cbd8       0x24 binaries/ptdelete.o
                                         0x50 (size before relaxing)
 .eh_frame      0x000000000011cbfc       0x24 binaries/ptinit.o
                                         0x50 (size before relaxing)
 .eh_frame      0x000000000011cc20       0x24 binaries/ptrecv.o
                                         0x50 (size before relaxing)
 .eh_frame      0x000000000011cc44       0x24 binaries/ptreset.o
                                         0x50 (size before relaxing)
 .eh_frame      0x000000000011cc68       0x24 binaries/ptsend.o
                                         0x50 (size before relaxing)
 .eh_frame      0x000000000011cc8c       0x24 binaries/putc.o
                                         0x50 (size before relaxing)
 .eh_frame      0x000000000011ccb0       0x24 binaries/quark_irq.o
                                         0x50 (size before relaxing)
 .eh_frame      0x000000000011ccd4       0x48 binaries/quark_pdat.o
                                         0x74 (size before relaxing)
 .eh_frame      0x000000000011cd1c       0x48 binaries/queue.o
                                         0x88 (size before relaxing)
 .eh_frame      0x000000000011cd64       0x24 binaries/read.o
                                         0x50 (size before relaxing)
 .eh_frame      0x000000000011cd88       0x28 binaries/ready.o
                                         0x54 (size before relaxing)
 .eh_frame      0x000000000011cdb0       0x24 binaries/receive.o
                                         0x50 (size before relaxing)
 .eh_frame      0x000000000011cdd4       0x24 binaries/recvclr.o
                                         0x50 (size before relaxing)
 .eh_frame      0x000000000011cdf8       0x24 binaries/recvtime.o
                                         0x50 (size before relaxing)
 .eh_frame      0x000000000011ce1c       0x48 binaries/resched.o
                                         0x88 (size before relaxing)
 .eh_frame      0x000000000011ce64       0x24 binaries/resume.o
                                         0x50 (size before relaxing)
 .eh_frame      0x000000000011ce88       0x24 binaries/seek.o
                                         0x50 (size before relaxing)
 .eh_frame      0x000000000011ceac       0x24 binaries/semcount.o
                                         0x50 (size before relaxing)
 .eh_frame      0x000000000011ced0       0x48 binaries/semcreate.o
                                         0x88 (size before relaxing)
 .eh_frame      0x000000000011cf18       0x24 binaries/semdelete.o
                                         0x50 (size before relaxing)
 .eh_frame      0x000000000011cf3c       0x24 binaries/semreset.o
                                         0x50 (size before relaxing)
 .eh_frame      0x000000000011cf60       0x24 binaries/send.o
                                         0x50 (size before relaxing)
 .eh_frame      0x000000000011cf84       0x24 binaries/signal.o
                                         0x50 (size before relaxing)
 .eh_frame      0x000000000011cfa8       0x24 binaries/signaln.o
                                         0x50 (size before relaxing)
 .eh_frame      0x000000000011cfcc       0x44 binaries/sleep.o
                                         0x84 (size before relaxing)
 .eh_frame      0x000000000011d010       0x24 binaries/stacktrace.o
                                         0x50 (size before relaxing)
 .eh_frame      0x000000000011d034       0x24 binaries/suspend.o
                                         0x50 (size before relaxing)
 .eh_frame      0x000000000011d058       0x24 binaries/unsleep.o
                                         0x50 (size before relaxing)
 .eh_frame      0x000000000011d07c       0x24 binaries/userret.o
                                         0x50 (size before relaxing)
 .eh_frame      0x000000000011d0a0       0x24 binaries/wait.o
                                         0x50 (size before relaxing)
 .eh_frame      0x000000000011d0c4       0x24 binaries/wakeup.o
                                         0x50 (size before relaxing)
 .eh_frame      0x000000000011d0e8       0x24 binaries/write.o
                                         0x50 (size before relaxing)
 .eh_frame      0x000000000011d10c       0x24 binaries/xdone.o
                                         0x50 (size before relaxing)
 .eh_frame      0x000000000011d130       0x24 binaries/yield.o
                                         0x50 (size before relaxing)
 .eh_frame      0x000000000011d154       0x20 binaries/abs.o
                                         0x4c (size before relaxing)
 .eh_frame      0x000000000011d174       0x20 binaries/atoi.o
                                         0x4c (size before relaxing)
 .eh_frame      0x000000000011d194       0x20 binaries/atol.o
                                         0x4c (size before relaxing)
 .eh_frame      0x000000000011d1b4       0x20 binaries/bzero.o
                                         0x4c (size before relaxing)
 .eh_frame      0x000000000011d1d4       0xec binaries/doprnt.o
                                        0x140 (size before relaxing)
 .eh_frame      0x000000000011d2c0       0xc8 binaries/doscan.o
                                         0xf4 (size before relaxing)
 .eh_frame      0x000000000011d388       0xcc binaries/fdoprnt.o
                                        0x10c (size before relaxing)
 .eh_frame      0x000000000011d454       0x24 binaries/fgetc.o
                                         0x50 (size before relaxing)
 .eh_frame      0x000000000011d478       0x24 binaries/fgets.o
                                         0x50 (size before relaxing)
 .eh_frame      0x000000000011d49c       0x24 binaries/fprintf.o
                                         0x50 (size before relaxing)
 .eh_frame      0x000000000011d4c0       0x24 binaries/fputc.o
                                         0x50 (size before relaxing)
 .eh_frame      0x000000000011d4e4       0x24 binaries/fputs.o
                                         0x50 (size before relaxing)
 .eh_frame      0x000000000011d508       0x68 binaries/fscanf.o
                                         0x94 (size before relaxing)
 .eh_frame      0x000000000011d570       0x24 binaries/getchar.o
                                         0x50 (size before relaxing)
 .eh_frame      0x000000000011d594       0x20 binaries/labs.o
                                         0x4c (size before relaxing)
 .eh_frame      0x000000000011d5b4       0x20 binaries/memcmp.o
                                         0x4c (size before relaxing)
 .eh_frame      0x000000000011d5d4       0x28 binaries/memcpy.o
                                         0x54 (size before relaxing)
 .eh_frame      0x000000000011d5fc       0x24 binaries/memset.o
                                         0x50 (size before relaxing)
 .eh_frame      0x000000000011d620       0x24 binaries/printf.o
                                         0x50 (size before relaxing)
 .eh_frame      0x000000000011d644       0x24 binaries/putchar.o
                                         0x50 (size before relaxing)
 .eh_frame      0x000000000011d668       0xa4 binaries/qsort.o
                                         0xd0 (size before relaxing)
 .eh_frame      0x000000000011d70c       0x60 binaries/rand.o
                                         0x8c (size before relaxing)
 .eh_frame      0x000000000011d76c       0x44 binaries/sprintf.o
                                         0x70 (size before relaxing)
 .eh_frame      0x000000000011d7b0       0x64 binaries/sscanf.o
                                         0x90 (size before relaxing)
 .eh_frame      0x000000000011d814       0x20 binaries/strchr.o
                                         0x4c (size before relaxing)
 .eh_frame      0x000000000011d834       0x20 binaries/strcmp.o
                                         0x4c (size before relaxing)
 .eh_frame      0x000000000011d854       0x20 binaries/strcpy.o
                                         0x4c (size before relaxing)
 .eh_frame      0x000000000011d874       0x20 binaries/strlen.o
                                         0x4c (size before relaxing)
 .eh_frame      0x000000000011d894       0x20 binaries/strncat.o
                                         0x4c (size before relaxing)
 .eh_frame      0x000000000011d8b4       0x20 binaries/strncmp.o
                                         0x4c (size before relaxing)
 .eh_frame      0x000000000011d8d4       0x28 binaries/strncpy.o
                                         0x54 (size before relaxing)
 .eh_frame      0x000000000011d8fc       0x20 binaries/strnlen.o
                                         0x4c (size before relaxing)
 .eh_frame      0x000000000011d91c       0x20 binaries/strrchr.o
                                         0x4c (size before relaxing)
 .eh_frame      0x000000000011d93c       0x20 binaries/strstr.o
                                         0x4c (size before relaxing)
 .eh_frame      0x000000000011d95c       0x24 binaries/ttycontrol.o
                                         0x50 (size before relaxing)
 .eh_frame      0x000000000011d980       0x24 binaries/ttygetc.o
                                         0x50 (size before relaxing)
 .eh_frame      0x000000000011d9a4       0x88 binaries/ttyhandle_in.o
                                         0xdc (size before relaxing)
 .eh_frame      0x000000000011da2c       0x24 binaries/ttyhandle_out.o
                                         0x50 (size before relaxing)
 .eh_frame      0x000000000011da50       0x24 binaries/ttyhandler.o
                                         0x50 (size before relaxing)
 .eh_frame      0x000000000011da74       0x24 binaries/ttyinit.o
                                         0x50 (size before relaxing)
 .eh_frame      0x000000000011da98       0x20 binaries/ttykickout.o
                                         0x4c (size before relaxing)
 .eh_frame      0x000000000011dab8       0x24 binaries/ttyputc.o
                                         0x50 (size before relaxing)
 .eh_frame      0x000000000011dadc       0x24 binaries/ttyread.o
                                         0x50 (size before relaxing)
 .eh_frame      0x000000000011db00       0x24 binaries/ttywrite.o
                                         0x50 (size before relaxing)
 .eh_frame      0x000000000011db24       0x44 binaries/mount.o
                                         0x84 (size before relaxing)
 .eh_frame      0x000000000011db68       0x24 binaries/naminit.o
                                         0x50 (size before relaxing)
 .eh_frame      0x000000000011db8c       0x68 binaries/nammap.o
                                         0xa8 (size before relaxing)
 .eh_frame      0x000000000011dbf4       0x24 binaries/namopen.o
                                         0x50 (size before relaxing)
 .eh_frame      0x000000000011dc18       0x24 binaries/ethcontrol.o
                                         0x50 (size before relaxing)
 .eh_frame      0x000000000011dc3c       0x24 binaries/ethhandler.o
                                         0x50 (size before relaxing)
 .eh_frame      0x000000000011dc60       0xb8 binaries/ethinit.o
                                         0xf8 (size before relaxing)
 .eh_frame      0x000000000011dd18       0x48 binaries/ethmcast.o
                                         0x88 (size before relaxing)
 .eh_frame      0x000000000011dd60       0x24 binaries/ethread.o
                                         0x50 (size before relaxing)
 .eh_frame      0x000000000011dd84       0x24 binaries/ethwrite.o
                                         0x50 (size before relaxing)
 .eh_frame      0x000000000011dda8       0x24 binaries/rdsbufalloc.o
                                         0x50 (size before relaxing)
 .eh_frame      0x000000000011ddcc       0x20 binaries/rdsclose.o
                                         0x4c (size before relaxing)
 .eh_frame      0x000000000011ddec       0x24 binaries/rdscomm.o
                                         0x50 (size before relaxing)
 .eh_frame      0x000000000011de10       0x24 binaries/rdscontrol.o
                                         0x50 (size before relaxing)
 .eh_frame      0x000000000011de34       0x24 binaries/rdsinit.o
                                         0x50 (size before relaxing)
 .eh_frame      0x000000000011de58       0x24 binaries/rdsopen.o
                                         0x50 (size before relaxing)
 .eh_frame      0x000000000011de7c       0x1c binaries/rdsprocess.o
                                         0x48 (size before relaxing)
 .eh_frame      0x000000000011de98       0x24 binaries/rdsread.o
                                         0x50 (size before relaxing)
 .eh_frame      0x000000000011debc       0x24 binaries/rdswrite.o
                                         0x50 (size before relaxing)
 .eh_frame      0x000000000011dee0       0x20 binaries/ramclose.o
                                         0x4c (size before relaxing)
 .eh_frame      0x000000000011df00       0x24 binaries/raminit.o
                                         0x50 (size before relaxing)
 .eh_frame      0x000000000011df24       0x20 binaries/ramopen.o
                                         0x4c (size before relaxing)
 .eh_frame      0x000000000011df44       0x24 binaries/ramread.o
                                         0x50 (size before relaxing)
 .eh_frame      0x000000000011df68       0x24 binaries/ramwrite.o
                                         0x50 (size before relaxing)
 .eh_frame      0x000000000011df8c       0x24 binaries/lfdballoc.o
                                         0x50 (size before relaxing)
 .eh_frame      0x000000000011dfb0       0x24 binaries/lfdbfree.o
                                         0x50 (size before relaxing)
 .eh_frame      0x000000000011dfd4       0x24 binaries/lfflush.o
                                         0x50 (size before relaxing)
 .eh_frame      0x000000000011dff8       0x20 binaries/lfgetmode.o
                                         0x4c (size before relaxing)
 .eh_frame      0x000000000011e018       0x24 binaries/lfiballoc.o
                                         0x50 (size before relaxing)
 .eh_frame      0x000000000011e03c       0x20 binaries/lfibclear.o
                                         0x4c (size before relaxing)
 .eh_frame      0x000000000011e05c       0x24 binaries/lfibget.o
                                         0x50 (size before relaxing)
 .eh_frame      0x000000000011e080       0x24 binaries/lfibput.o
                                         0x50 (size before relaxing)
 .eh_frame      0x000000000011e0a4       0x24 binaries/lflclose.o
                                         0x50 (size before relaxing)
 .eh_frame      0x000000000011e0c8       0x24 binaries/lflcontrol.o
                                         0x50 (size before relaxing)
 .eh_frame      0x000000000011e0ec       0x24 binaries/lflgetc.o
                                         0x50 (size before relaxing)
 .eh_frame      0x000000000011e110       0x24 binaries/lflinit.o
                                         0x50 (size before relaxing)
 .eh_frame      0x000000000011e134       0x24 binaries/lflputc.o
                                         0x50 (size before relaxing)
 .eh_frame      0x000000000011e158       0x24 binaries/lflread.o
                                         0x50 (size before relaxing)
 .eh_frame      0x000000000011e17c       0x24 binaries/lflseek.o
                                         0x50 (size before relaxing)
 .eh_frame      0x000000000011e1a0       0x24 binaries/lflwrite.o
                                         0x50 (size before relaxing)
 .eh_frame      0x000000000011e1c4       0x20 binaries/lfscheck.o
                                         0x4c (size before relaxing)
 .eh_frame      0x000000000011e1e4       0x24 binaries/lfsckfmt.o
                                         0x50 (size before relaxing)
 .eh_frame      0x000000000011e208       0x24 binaries/lfscreate.o
                                         0x50 (size before relaxing)
 .eh_frame      0x000000000011e22c       0x24 binaries/lfsetup.o
                                         0x50 (size before relaxing)
 .eh_frame      0x000000000011e250       0x24 binaries/lfsinit.o
                                         0x50 (size before relaxing)
 .eh_frame      0x000000000011e274       0x24 binaries/lfsopen.o
                                         0x50 (size before relaxing)
 .eh_frame      0x000000000011e298       0x24 binaries/lftruncate.o
                                         0x50 (size before relaxing)
 .eh_frame      0x000000000011e2bc       0x24 binaries/rflclose.o
                                         0x50 (size before relaxing)
 .eh_frame      0x000000000011e2e0       0x24 binaries/rflgetc.o
                                         0x50 (size before relaxing)
 .eh_frame      0x000000000011e304       0x20 binaries/rflinit.o
                                         0x4c (size before relaxing)
 .eh_frame      0x000000000011e324       0x24 binaries/rflputc.o
                                         0x50 (size before relaxing)
 .eh_frame      0x000000000011e348       0x24 binaries/rflread.o
                                         0x50 (size before relaxing)
 .eh_frame      0x000000000011e36c       0x24 binaries/rflseek.o
                                         0x50 (size before relaxing)
 .eh_frame      0x000000000011e390       0x24 binaries/rflwrite.o
                                         0x50 (size before relaxing)
 .eh_frame      0x000000000011e3b4       0x24 binaries/rfscomm.o
                                         0x50 (size before relaxing)
 .eh_frame      0x000000000011e3d8       0x24 binaries/rfscontrol.o
                                         0x50 (size before relaxing)
 .eh_frame      0x000000000011e3fc       0x20 binaries/rfsgetmode.o
                                         0x4c (size before relaxing)
 .eh_frame      0x000000000011e41c       0x24 binaries/rfsinit.o
                                         0x50 (size before relaxing)
 .eh_frame      0x000000000011e440       0x24 binaries/rfsndmsg.o
                                         0x50 (size before relaxing)
 .eh_frame      0x000000000011e464       0x24 binaries/rfsopen.o
                                         0x50 (size before relaxing)
 .eh_frame      0x000000000011e488       0xd0 binaries/arp.o
                                        0x124 (size before relaxing)
 .eh_frame      0x000000000011e558       0xac binaries/dhcp.o
                                         0xec (size before relaxing)
 .eh_frame      0x000000000011e604       0x90 binaries/dns.o
                                         0xd0 (size before relaxing)
 .eh_frame      0x000000000011e694       0x20 binaries/dot2ip.o
                                         0x4c (size before relaxing)
 .eh_frame      0x000000000011e6b4       0x48 binaries/hexdump.o
                                         0x74 (size before relaxing)
 .eh_frame      0x000000000011e6fc      0x168 binaries/icmp.o
                                        0x1bc (size before relaxing)
 .eh_frame      0x000000000011e864      0x130 binaries/ip.o
                                        0x170 (size before relaxing)
 .eh_frame      0x000000000011e994       0xa8 binaries/net.o
                                         0xfc (size before relaxing)
 .eh_frame      0x000000000011ea3c       0x60 binaries/pdump.o
                                         0xa0 (size before relaxing)
 .eh_frame      0x000000000011ea9c       0x54 binaries/tftp.o
                                         0x80 (size before relaxing)
 .eh_frame      0x000000000011eaf0      0x160 binaries/udp.o
                                        0x1b4 (size before relaxing)
 .eh_frame      0x000000000011ec50       0x24 binaries/addargs.o
                                         0x50 (size before relaxing)
 .eh_frame      0x000000000011ec74       0x20 binaries/lexan.o
                                         0x4c (size before relaxing)
 .eh_frame      0x000000000011ec94       0x2c binaries/shell.o
                                         0x58 (size before relaxing)
 .eh_frame      0x000000000011ecc0       0x24 binaries/xsh_argecho.o
                                         0x50 (size before relaxing)
 .eh_frame      0x000000000011ece4       0x48 binaries/xsh_arp.o
                                         0x74 (size before relaxing)
 .eh_frame      0x000000000011ed2c       0x2c binaries/xsh_cat.o
                                         0x58 (size before relaxing)
 .eh_frame      0x000000000011ed58       0x28 binaries/xsh_clear.o
                                         0x54 (size before relaxing)
 .eh_frame      0x000000000011ed80       0x2c binaries/xsh_date.o
                                         0x58 (size before relaxing)
 .eh_frame      0x000000000011edac       0x24 binaries/xsh_devdump.o
                                         0x50 (size before relaxing)
 .eh_frame      0x000000000011edd0       0x24 binaries/xsh_echo.o
                                         0x50 (size before relaxing)
 .eh_frame      0x000000000011edf4       0x20 binaries/xsh_exit.o
                                         0x4c (size before relaxing)
 .eh_frame      0x000000000011ee14       0x2c binaries/xsh_help.o
                                         0x58 (size before relaxing)
 .eh_frame      0x000000000011ee40       0x2c binaries/xsh_kill.o
                                         0x58 (size before relaxing)
 .eh_frame      0x000000000011ee6c       0x24 binaries/xsh_ls.o
                                         0x50 (size before relaxing)
 .eh_frame      0x000000000011ee90       0x4c binaries/xsh_memdump.o
                                         0x8c (size before relaxing)
 .eh_frame      0x000000000011eedc       0x74 binaries/xsh_memstat.o
                                         0xa0 (size before relaxing)
 .eh_frame      0x000000000011ef50       0x30 binaries/xsh_netinfo.o
                                         0x5c (size before relaxing)
 .eh_frame      0x000000000011ef80       0x30 binaries/xsh_ping.o
                                         0x5c (size before relaxing)
 .eh_frame      0x000000000011efb0       0x30 binaries/xsh_ps.o
                                         0x5c (size before relaxing)
 .eh_frame      0x000000000011efe0       0x2c binaries/xsh_sleep.o
                                         0x58 (size before relaxing)
 .eh_frame      0x000000000011f00c       0x2c binaries/xsh_udpdump.o
                                         0x58 (size before relaxing)
 .eh_frame      0x000000000011f038       0x30 binaries/xsh_udpecho.o
                                         0x5c (size before relaxing)
 .eh_frame      0x000000000011f068       0x30 binaries/xsh_udpserver.o
                                         0x5c (size before relaxing)
 .eh_frame      0x000000000011f098       0x2c binaries/xsh_uptime.o
                                         0x58 (size before relaxing)

.iplt           0x000000000011f0c4        0x0
 .iplt          0x000000000011f0c4        0x0 binaries/start.o

.rel.dyn        0x000000000011f0c4        0x0
 .rel.got       0x000000000011f0c4        0x0 binaries/start.o
 .rel.iplt      0x000000000011f0c4        0x0 binaries/start.o
 .rel.text      0x000000000011f0c4        0x0 binaries/start.o

.data           0x000000000011f0e0     0x1f20
                0x000000000011f0e0                data = ABSOLUTE (.)
 *(.data .data.*)
 .data          0x000000000011f0e0      0x83a binaries/start.o
                0x000000000011f0e0                gdt
                0x000000000011f110                idt
                0x000000000011f916                cpudelay
 .data          0x000000000011f91a        0x0 binaries/ascdate.o
 *fill*         0x000000000011f91a        0x6 
 .data.rel.local
                0x000000000011f920       0x88 binaries/ascdate.o
                0x000000000011f920                Date
 .data          0x000000000011f9a8        0x0 binaries/bufinit.o
 .data          0x000000000011f9a8        0x0 binaries/chprio.o
 .data          0x000000000011f9a8        0x0 binaries/clkhandler.o
 .data          0x000000000011f9a8        0x4 binaries/clkinit.o
                0x000000000011f9a8                hpet
 .data          0x000000000011f9ac        0x0 binaries/close.o
 .data          0x000000000011f9ac        0x0 binaries/conf.o
 *fill*         0x000000000011f9ac       0x14 
 .data.rel      0x000000000011f9c0      0x5a0 binaries/conf.o
                0x000000000011f9c0                devtab
 .data          0x000000000011ff60        0x0 binaries/control.o
 .data          0x000000000011ff60        0x4 binaries/create.o
 .data          0x000000000011ff64        0x0 binaries/early_imr.o
 .data          0x000000000011ff64        0x4 binaries/evec.o
                0x000000000011ff64                lapic
 *fill*         0x000000000011ff68       0x18 
 .data.rel.local
                0x000000000011ff80       0x40 binaries/evec.o
                0x000000000011ff80                inames
 .data          0x000000000011ffc0        0x0 binaries/exit.o
 .data          0x000000000011ffc0        0x0 binaries/freebuf.o
 .data          0x000000000011ffc0        0x0 binaries/freemem.o
 .data          0x000000000011ffc0        0x0 binaries/getbuf.o
 .data          0x000000000011ffc0        0x0 binaries/getc.o
 .data          0x000000000011ffc0        0x0 binaries/getdev.o
 .data          0x000000000011ffc0        0x0 binaries/getitem.o
 .data          0x000000000011ffc0        0x0 binaries/getmem.o
 .data          0x000000000011ffc0        0x0 binaries/getpid.o
 .data          0x000000000011ffc0        0x0 binaries/getprio.o
 .data          0x000000000011ffc0        0x0 binaries/getstk.o
 .data          0x000000000011ffc0        0x0 binaries/getticks.o
 .data          0x000000000011ffc0        0x0 binaries/gettime.o
 .data          0x000000000011ffc0        0x0 binaries/getutime.o
 .data          0x000000000011ffc0        0x0 binaries/init.o
 .data          0x000000000011ffc0        0x0 binaries/initialize.o
 .data          0x000000000011ffc0        0x0 binaries/insert.o
 .data          0x000000000011ffc0        0x0 binaries/insertd.o
 .data          0x000000000011ffc0        0x0 binaries/ioerr.o
 .data          0x000000000011ffc0        0x0 binaries/ionull.o
 .data          0x000000000011ffc0        0x0 binaries/kill.o
 .data          0x000000000011ffc0        0x0 binaries/kprintf.o
 .data          0x000000000011ffc0        0x0 binaries/main.o
 .data          0x000000000011ffc0        0x0 binaries/mark.o
 .data          0x000000000011ffc0       0x40 binaries/meminit.o
                0x000000000011ffc0                bootsign
                0x000000000011ffc4                bootinfo
                0x000000000011ffe0                gdt_copy
 .data          0x0000000000120000        0x0 binaries/mkbufpool.o
 .data          0x0000000000120000        0x2 binaries/newqueue.o
 .data          0x0000000000120002        0x0 binaries/open.o
 .data          0x0000000000120002        0x0 binaries/panic.o
 .data          0x0000000000120002        0x0 binaries/pci.o
 .data          0x0000000000120002        0x0 binaries/platinit.o
 .data          0x0000000000120002        0x0 binaries/ptclear.o
 .data          0x0000000000120002        0x0 binaries/ptcount.o
 .data          0x0000000000120002        0x0 binaries/ptcreate.o
 .data          0x0000000000120002        0x0 binaries/ptdelete.o
 .data          0x0000000000120002        0x0 binaries/ptinit.o
 .data          0x0000000000120002        0x0 binaries/ptrecv.o
 .data          0x0000000000120002        0x0 binaries/ptreset.o
 .data          0x0000000000120002        0x0 binaries/ptsend.o
 .data          0x0000000000120002        0x0 binaries/putc.o
 .data          0x0000000000120002        0x0 binaries/quark_irq.o
 .data          0x0000000000120002        0x0 binaries/quark_pdat.o
 .data          0x0000000000120002        0x0 binaries/queue.o
 .data          0x0000000000120002        0x0 binaries/read.o
 .data          0x0000000000120002        0x0 binaries/ready.o
 .data          0x0000000000120002        0x0 binaries/receive.o
 .data          0x0000000000120002        0x0 binaries/recvclr.o
 .data          0x0000000000120002        0x0 binaries/recvtime.o
 .data          0x0000000000120002        0x0 binaries/resched.o
 .data          0x0000000000120002        0x0 binaries/resume.o
 .data          0x0000000000120002        0x0 binaries/seek.o
 .data          0x0000000000120002        0x0 binaries/semcount.o
 .data          0x0000000000120002        0x0 binaries/semcreate.o
 .data          0x0000000000120002        0x0 binaries/semdelete.o
 .data          0x0000000000120002        0x0 binaries/semreset.o
 .data          0x0000000000120002        0x0 binaries/send.o
 .data          0x0000000000120002        0x0 binaries/signal.o
 .data          0x0000000000120002        0x0 binaries/signaln.o
 .data          0x0000000000120002        0x0 binaries/sleep.o
 .data          0x0000000000120002        0x0 binaries/stacktrace.o
 .data          0x0000000000120002        0x0 binaries/suspend.o
 .data          0x0000000000120002        0x0 binaries/unsleep.o
 .data          0x0000000000120002        0x0 binaries/userret.o
 .data          0x0000000000120002        0x0 binaries/wait.o
 .data          0x0000000000120002        0x0 binaries/wakeup.o
 .data          0x0000000000120002        0x0 binaries/write.o
 .data          0x0000000000120002        0x0 binaries/xdone.o
 .data          0x0000000000120002        0x0 binaries/yield.o
 .data          0x0000000000120002        0x0 binaries/abs.o
 .data          0x0000000000120002        0x0 binaries/atoi.o
 .data          0x0000000000120002        0x0 binaries/atol.o
 .data          0x0000000000120002        0x0 binaries/bzero.o
 .data          0x0000000000120002        0x0 binaries/ctype_.o
 .data          0x0000000000120002        0x0 binaries/doprnt.o
 *fill*         0x0000000000120002       0x1e 
 .data          0x0000000000120020       0x80 binaries/doscan.o
                0x0000000000120020                _sctab
 .data          0x00000000001200a0        0x0 binaries/fdoprnt.o
 .data          0x00000000001200a0        0x0 binaries/fgetc.o
 .data          0x00000000001200a0        0x0 binaries/fgets.o
 .data          0x00000000001200a0        0x0 binaries/fprintf.o
 .data          0x00000000001200a0        0x0 binaries/fputc.o
 .data          0x00000000001200a0        0x0 binaries/fputs.o
 .data          0x00000000001200a0        0x0 binaries/fscanf.o
 .data          0x00000000001200a0        0x0 binaries/getchar.o
 .data          0x00000000001200a0        0x0 binaries/labs.o
 .data          0x00000000001200a0        0x0 binaries/memcmp.o
 .data          0x00000000001200a0        0x0 binaries/memcpy.o
 .data          0x00000000001200a0        0x0 binaries/memset.o
 .data          0x00000000001200a0        0x0 binaries/printf.o
 .data          0x00000000001200a0        0x0 binaries/putchar.o
 .data          0x00000000001200a0        0x0 binaries/qsort.o
 .data          0x00000000001200a0        0x4 binaries/rand.o
 .data          0x00000000001200a4        0x0 binaries/sprintf.o
 .data          0x00000000001200a4        0x0 binaries/sscanf.o
 .data          0x00000000001200a4        0x0 binaries/strchr.o
 .data          0x00000000001200a4        0x0 binaries/strcmp.o
 .data          0x00000000001200a4        0x0 binaries/strcpy.o
 .data          0x00000000001200a4        0x0 binaries/strlen.o
 .data          0x00000000001200a4        0x0 binaries/strncat.o
 .data          0x00000000001200a4        0x0 binaries/strncmp.o
 .data          0x00000000001200a4        0x0 binaries/strncpy.o
 .data          0x00000000001200a4        0x0 binaries/strnlen.o
 .data          0x00000000001200a4        0x0 binaries/strrchr.o
 .data          0x00000000001200a4        0x0 binaries/strstr.o
 .data          0x00000000001200a4        0x0 binaries/ttycontrol.o
 .data          0x00000000001200a4        0x0 binaries/ttygetc.o
 .data          0x00000000001200a4        0x0 binaries/ttyhandle_in.o
 .data          0x00000000001200a4        0x0 binaries/ttyhandle_out.o
 .data          0x00000000001200a4        0x0 binaries/ttyhandler.o
 .data          0x00000000001200a4        0x0 binaries/ttyinit.o
 .data          0x00000000001200a4        0x0 binaries/ttykickout.o
 .data          0x00000000001200a4        0x0 binaries/ttyputc.o
 .data          0x00000000001200a4        0x0 binaries/ttyread.o
 .data          0x00000000001200a4        0x0 binaries/ttywrite.o
 .data          0x00000000001200a4        0x0 binaries/mount.o
 .data          0x00000000001200a4        0x0 binaries/naminit.o
 .data          0x00000000001200a4        0x0 binaries/nammap.o
 .data          0x00000000001200a4        0x0 binaries/namopen.o
 .data          0x00000000001200a4        0x0 binaries/ethcontrol.o
 .data          0x00000000001200a4        0x0 binaries/ethhandler.o
 .data          0x00000000001200a4        0x0 binaries/ethinit.o
 .data          0x00000000001200a4        0x0 binaries/ethmcast.o
 .data          0x00000000001200a4        0x0 binaries/ethread.o
 .data          0x00000000001200a4        0x0 binaries/ethwrite.o
 .data          0x00000000001200a4        0x0 binaries/rdsbufalloc.o
 .data          0x00000000001200a4        0x0 binaries/rdsclose.o
 .data          0x00000000001200a4        0x0 binaries/rdscomm.o
 .data          0x00000000001200a4        0x0 binaries/rdscontrol.o
 .data          0x00000000001200a4        0x0 binaries/rdsinit.o
 .data          0x00000000001200a4        0x0 binaries/rdsopen.o
 .data          0x00000000001200a4        0x0 binaries/rdsprocess.o
 .data          0x00000000001200a4        0x0 binaries/rdsread.o
 .data          0x00000000001200a4        0x0 binaries/rdswrite.o
 .data          0x00000000001200a4        0x0 binaries/ramclose.o
 .data          0x00000000001200a4        0x0 binaries/raminit.o
 .data          0x00000000001200a4        0x0 binaries/ramopen.o
 .data          0x00000000001200a4        0x0 binaries/ramread.o
 .data          0x00000000001200a4        0x0 binaries/ramwrite.o
 .data          0x00000000001200a4        0x0 binaries/lfdballoc.o
 .data          0x00000000001200a4        0x0 binaries/lfdbfree.o
 .data          0x00000000001200a4        0x0 binaries/lfflush.o
 .data          0x00000000001200a4        0x0 binaries/lfgetmode.o
 .data          0x00000000001200a4        0x0 binaries/lfiballoc.o
 .data          0x00000000001200a4        0x0 binaries/lfibclear.o
 .data          0x00000000001200a4        0x0 binaries/lfibget.o
 .data          0x00000000001200a4        0x0 binaries/lfibput.o
 .data          0x00000000001200a4        0x0 binaries/lflclose.o
 .data          0x00000000001200a4        0x0 binaries/lflcontrol.o
 .data          0x00000000001200a4        0x0 binaries/lflgetc.o
 .data          0x00000000001200a4        0x0 binaries/lflinit.o
 .data          0x00000000001200a4        0x0 binaries/lflputc.o
 .data          0x00000000001200a4        0x0 binaries/lflread.o
 .data          0x00000000001200a4        0x0 binaries/lflseek.o
 .data          0x00000000001200a4        0x0 binaries/lflwrite.o
 .data          0x00000000001200a4        0x0 binaries/lfscheck.o
 .data          0x00000000001200a4        0x0 binaries/lfsckfmt.o
 .data          0x00000000001200a4        0x0 binaries/lfscreate.o
 .data          0x00000000001200a4        0x0 binaries/lfsetup.o
 .data          0x00000000001200a4        0x0 binaries/lfsinit.o
 .data          0x00000000001200a4        0x0 binaries/lfsopen.o
 .data          0x00000000001200a4        0x0 binaries/lftruncate.o
 .data          0x00000000001200a4        0x0 binaries/rflclose.o
 .data          0x00000000001200a4        0x0 binaries/rflgetc.o
 .data          0x00000000001200a4        0x0 binaries/rflinit.o
 .data          0x00000000001200a4        0x0 binaries/rflputc.o
 .data          0x00000000001200a4        0x0 binaries/rflread.o
 .data          0x00000000001200a4        0x0 binaries/rflseek.o
 .data          0x00000000001200a4        0x0 binaries/rflwrite.o
 .data          0x00000000001200a4        0x0 binaries/rfscomm.o
 .data          0x00000000001200a4        0x0 binaries/rfscontrol.o
 .data          0x00000000001200a4        0x0 binaries/rfsgetmode.o
 .data          0x00000000001200a4        0x0 binaries/rfsinit.o
 .data          0x00000000001200a4        0x0 binaries/rfsndmsg.o
 .data          0x00000000001200a4        0x0 binaries/rfsopen.o
 .data          0x00000000001200a4        0x0 binaries/arp.o
 .data          0x00000000001200a4        0x0 binaries/dhcp.o
 .data          0x00000000001200a4        0x0 binaries/dns.o
 .data          0x00000000001200a4        0x0 binaries/dot2ip.o
 .data          0x00000000001200a4        0x0 binaries/hexdump.o
 .data          0x00000000001200a4        0x4 binaries/icmp.o
 .data          0x00000000001200a8        0x0 binaries/ip.o
 .data          0x00000000001200a8        0x0 binaries/net.o
 .data          0x00000000001200a8        0x0 binaries/pdump.o
 .data          0x00000000001200a8        0x0 binaries/tftp.o
 .data          0x00000000001200a8        0x4 binaries/udp.o
 .data          0x00000000001200ac        0x0 binaries/addargs.o
 .data          0x00000000001200ac        0x0 binaries/lexan.o
 .data          0x00000000001200ac        0x4 binaries/shell.o
                0x00000000001200ac                ncmd
 *fill*         0x00000000001200b0       0x10 
 .data.rel.ro   0x00000000001200c0       0xfc binaries/shell.o
                0x00000000001200c0                cmdtab
 .data          0x00000000001201bc        0x0 binaries/xsh_argecho.o
 .data          0x00000000001201bc        0x0 binaries/xsh_arp.o
 .data          0x00000000001201bc        0x0 binaries/xsh_cat.o
 .data          0x00000000001201bc        0x0 binaries/xsh_clear.o
 .data          0x00000000001201bc        0x0 binaries/xsh_date.o
 .data          0x00000000001201bc        0x0 binaries/xsh_devdump.o
 .data          0x00000000001201bc        0x0 binaries/xsh_echo.o
 .data          0x00000000001201bc        0x0 binaries/xsh_exit.o
 .data          0x00000000001201bc        0x0 binaries/xsh_help.o
 .data          0x00000000001201bc        0x0 binaries/xsh_kill.o
 .data          0x00000000001201bc        0x0 binaries/xsh_ls.o
 .data          0x00000000001201bc        0x0 binaries/xsh_memdump.o
 .data          0x00000000001201bc        0x0 binaries/xsh_memstat.o
 .data          0x00000000001201bc        0x0 binaries/xsh_netinfo.o
 .data          0x00000000001201bc        0x0 binaries/xsh_ping.o
 *fill*         0x00000000001201bc        0x4 
 .data          0x00000000001201c0       0x20 binaries/xsh_ps.o
 .data          0x00000000001201e0        0x0 binaries/xsh_sleep.o
 .data          0x00000000001201e0        0x0 binaries/xsh_udpdump.o
 .data          0x00000000001201e0        0x0 binaries/xsh_udpecho.o
 .data          0x00000000001201e0        0x0 binaries/xsh_udpserver.o
 .data          0x00000000001201e0        0x0 binaries/xsh_uptime.o
 .data          0x00000000001201e0        0x0 binaries/clkdisp.o
 .data          0x00000000001201e0        0x0 binaries/ctxsw.o
 .data          0x00000000001201e0        0x0 binaries/intr.o
                0x00000000001201e0                _saveint
 .data          0x00000000001201e0        0x0 binaries/ttydispatch.o
 .data          0x00000000001201e0        0x0 binaries/ethdispatch.o
                0x00000000001201e0                edata = ABSOLUTE (.)
                0x0000000000121000                . = ALIGN (0x1000)
 *fill*         0x00000000001201e0      0xe20 

.got            0x0000000000121000        0x0
 .got           0x0000000000121000        0x0 binaries/start.o

.got.plt        0x0000000000121000        0xc
 .got.plt       0x0000000000121000        0xc binaries/start.o
                0x0000000000121000                _GLOBAL_OFFSET_TABLE_

.igot.plt       0x000000000012100c        0x0
 .igot.plt      0x000000000012100c        0x0 binaries/start.o

.bss            0x0000000000121020    0x1ffe0
                0x0000000000121020                bss = ABSOLUTE (.)
 *(.bss .bss.*)
 .bss           0x0000000000121020        0x0 binaries/start.o
 .bss           0x0000000000121020        0x0 binaries/ascdate.o
 .bss           0x0000000000121020        0x0 binaries/bufinit.o
 .bss           0x0000000000121020        0x0 binaries/chprio.o
 .bss           0x0000000000121020        0x0 binaries/clkhandler.o
 .bss           0x0000000000121020        0x0 binaries/clkinit.o
 .bss           0x0000000000121020        0x0 binaries/close.o
 .bss           0x0000000000121020        0x0 binaries/conf.o
 .bss           0x0000000000121020        0x0 binaries/control.o
 .bss           0x0000000000121020        0x0 binaries/create.o
 .bss           0x0000000000121020        0x4 binaries/early_imr.o
 .bss           0x0000000000121024        0x0 binaries/evec.o
 .bss           0x0000000000121024        0x0 binaries/exit.o
 .bss           0x0000000000121024        0x0 binaries/freebuf.o
 .bss           0x0000000000121024        0x0 binaries/freemem.o
 .bss           0x0000000000121024        0x0 binaries/getbuf.o
 .bss           0x0000000000121024        0x0 binaries/getc.o
 .bss           0x0000000000121024        0x0 binaries/getdev.o
 .bss           0x0000000000121024        0x0 binaries/getitem.o
 .bss           0x0000000000121024        0x0 binaries/getmem.o
 .bss           0x0000000000121024        0x0 binaries/getpid.o
 .bss           0x0000000000121024        0x0 binaries/getprio.o
 .bss           0x0000000000121024        0x0 binaries/getstk.o
 .bss           0x0000000000121024        0x0 binaries/getticks.o
 .bss           0x0000000000121024        0x0 binaries/gettime.o
 .bss           0x0000000000121024        0x0 binaries/getutime.o
 .bss           0x0000000000121024        0x0 binaries/init.o
 .bss           0x0000000000121024        0x0 binaries/initialize.o
 .bss           0x0000000000121024        0x0 binaries/insert.o
 .bss           0x0000000000121024        0x0 binaries/insertd.o
 .bss           0x0000000000121024        0x0 binaries/ioerr.o
 .bss           0x0000000000121024        0x0 binaries/ionull.o
 .bss           0x0000000000121024        0x0 binaries/kill.o
 .bss           0x0000000000121024        0x0 binaries/kprintf.o
 .bss           0x0000000000121024        0x0 binaries/main.o
 .bss           0x0000000000121024        0x0 binaries/mark.o
 .bss           0x0000000000121024        0x0 binaries/meminit.o
 .bss           0x0000000000121024        0x0 binaries/mkbufpool.o
 .bss           0x0000000000121024        0x0 binaries/newqueue.o
 .bss           0x0000000000121024        0x0 binaries/open.o
 .bss           0x0000000000121024        0x0 binaries/panic.o
 .bss           0x0000000000121024        0x0 binaries/pci.o
 .bss           0x0000000000121024        0x0 binaries/platinit.o
 .bss           0x0000000000121024        0x0 binaries/ptclear.o
 .bss           0x0000000000121024        0x0 binaries/ptcount.o
 .bss           0x0000000000121024        0x0 binaries/ptcreate.o
 .bss           0x0000000000121024        0x0 binaries/ptdelete.o
 .bss           0x0000000000121024        0x0 binaries/ptinit.o
 .bss           0x0000000000121024        0x0 binaries/ptrecv.o